// Jest Snapshot v1, https://goo.gl/fbAQLP

exports[`components | SliderPoints should have as much bullet points as there are elements and current step point should be filled 1`] = `
ShallowWrapper {
  Symbol(enzyme.__root__): [Circular],
  Symbol(enzyme.__unrendered__): <SliderPoints
    currentStep={2}
    maxStep={4}
  />,
  Symbol(enzyme.__renderer__): Object {
    "batchedUpdates": [Function],
    "checkPropTypes": [Function],
    "getNode": [Function],
    "render": [Function],
    "simulateError": [Function],
    "simulateEvent": [Function],
    "unmount": [Function],
  },
  Symbol(enzyme.__node__): Object {
    "instance": null,
    "key": "0",
    "nodeType": "host",
    "props": Object {
      "className": "slider-point ",
    },
    "ref": null,
    "rendered": null,
    "type": "div",
  },
  Symbol(enzyme.__nodes__): Array [
    Object {
      "instance": null,
      "key": "0",
      "nodeType": "host",
      "props": Object {
        "className": "slider-point ",
      },
      "ref": null,
      "rendered": null,
      "type": "div",
    },
    Object {
      "instance": null,
      "key": "1",
      "nodeType": "host",
      "props": Object {
        "className": "slider-point ",
      },
      "ref": null,
      "rendered": null,
      "type": "div",
    },
    Object {
      "instance": null,
      "key": "2",
      "nodeType": "host",
      "props": Object {
        "className": "slider-point filled",
      },
      "ref": null,
      "rendered": null,
      "type": "div",
    },
    Object {
      "instance": null,
      "key": "3",
      "nodeType": "host",
      "props": Object {
        "className": "slider-point ",
      },
      "ref": null,
      "rendered": null,
      "type": "div",
    },
  ],
  Symbol(enzyme.__options__): Object {
    "adapter": ReactSixteenAdapter {
      "options": Object {
        "enableComponentDidUpdateOnSetState": true,
        "legacyContextMode": "parent",
        "lifecycles": Object {
          "componentDidUpdate": Object {
            "onSetState": true,
          },
          "getChildContext": Object {
            "calledByRenderer": false,
          },
          "getDerivedStateFromError": true,
          "getDerivedStateFromProps": Object {
            "hasShouldComponentUpdateBug": false,
          },
          "getSnapshotBeforeUpdate": true,
          "setState": Object {
            "skipsComponentDidUpdateOnNullish": true,
          },
        },
      },
    },
    Symbol(enzyme.__providerValues__): undefined,
  },
  Symbol(enzyme.__providerValues__): Map {},
}
`;
